---
source: fastrace/tests/lib.rs
expression: graph2
---
root2 []
    iter-span-0 [("tmp_property", "tmp_value")]
    iter-span-1 [("tmp_property", "tmp_value")]
    merged []
        iter-span-0 [("tmp_property", "tmp_value")]
        iter-span-1 [("tmp_property", "tmp_value")]
        local []
        rec-span []
            rec-span []
    merged []
        iter-span-0 [("tmp_property", "tmp_value")]
        iter-span-1 [("tmp_property", "tmp_value")]
        local []
        rec-span []
            rec-span []
    merged []
        iter-span-0 [("tmp_property", "tmp_value")]
        iter-span-1 [("tmp_property", "tmp_value")]
        local []
        rec-span []
            rec-span []
    merged []
        iter-span-0 [("tmp_property", "tmp_value")]
        iter-span-1 [("tmp_property", "tmp_value")]
        local []
        rec-span []
            rec-span []
    rec-span []
        rec-span []
