---
source: fastrace/tests/lib.rs
expression: graph
---
root []
    span1 []
        span2 []
