---
source: fastrace/tests/lib.rs
expression: graph
---
root []
    span []
