---
source: fastrace/tests/lib.rs
expression: graph
---
root [("k1", "v1"), ("k2", "v2"), ("k3", "v3"), ("k4", "v4"), ("k5", "v5"), ("k6", "v6"), ("k7", "v7"), ("k8", "v8"), ("k9", "v9")]
    span [("k10", "v10"), ("k11", "v11"), ("k12", "v12"), ("k13", "v13"), ("k14", "v14"), ("k15", "v15")]
