---
source: fastrace/tests/lib.rs
expression: graph3
---
root3 []
    iter-span-0 [("tmp_property", "tmp_value")]
    iter-span-1 [("tmp_property", "tmp_value")]
    rec-span []
        rec-span []
