error: expected `=`
 --> tests/ui/err/has-ident-arguments.rs:5:10
  |
5 | #[trace(a, b)]
  |          ^
